// Jest Snapshot v1, https://goo.gl/fbAQLP

exports[`ProgressProject should render DailyProgress 1`] = `
<div
  class="w-full h-2"
  data-testid="progress-bar"
  style="border-radius: 3px;"
>
  <div
    data-testid="progress-bar-outer"
    style="height: 100%; width: 66.66666666666666%;"
  >
    <div
      data-testid="progress-bar-inner"
      style="height: 100%; width: 25%;"
    />
  </div>
</div>
`;
